Microchip MPLAB XC8 Compiler V1.33 ()

Linker command line:

--edf=C:\Program Files (x86)\Microchip\xc8\v1.33\dat\en_msgs.txt -cs \
  -h+project.sym --cmf=project.cmf -z -Q16F877A \
  -oC:\Users\Waleed\AppData\Local\Temp\s5qg.6 -Mproject.map -E1 -ver=XC8 \
  -ASTACK=0110h-016fh -pstack=STACK -ACONST=00h-0FFhx32 -ACODE=00h-07FFhx4 \
  -ASTRCODE=00h-01FFFh -AENTRY=00h-0FFhx32 -ASTRING=00h-0FFhx32 \
  -ACOMMON=070h-07Fh -ABANK0=020h-06Fh -ABANK1=0A0h-0EFh \
  -ABANK2=0110h-016Fh -ABANK3=0190h-01EFh \
  -ARAM=020h-06Fh,0A0h-0EFh,0110h-016Fh,0190h-01EFh \
  -AABS1=020h-07Fh,0A0h-0EFh,0110h-016Fh,0190h-01EFh -ASFR0=00h-01Fh \
  -ASFR1=080h-09Fh -ASFR2=0100h-010Fh -ASFR3=0180h-018Fh \
  -preset_vec=00h,intentry,init,end_init -ppowerup=CODE -pcinit=CODE \
  -pfunctab=CODE -ACONFIG=02007h-02007h -pconfig=CONFIG -DCONFIG=2 \
  -AIDLOC=02000h-02003h -pidloc=IDLOC -DIDLOC=2 -AEEDATA=00h-0FFh/02100h \
  -peeprom_data=EEDATA -DEEDATA=2 -DCODE=2 -DSTRCODE=2 -DSTRING=2 -DCONST=2 \
  -DENTRY=2 -k startup.obj project.obj 

Object code version is 3.11

Machine type is 16F877A



                Name                               Link     Load   Length Selector   Space Scale
startup.obj     end_init                              0        0        3        0       0
project.obj     cinit                               7E3      7E3       1D      FC6       0
                text23                              F2C      F2C       1F     1E58       0
                text22                              EEC      EEC        D     1DD8       0
                text21                              EF9      EF9        E     1DF2       0
                text20                              FC2      FC2       3E     1F84       0
                text19                              EA7      EA7        8     1D4E       0
                text18                              207      207       AF      40E       0
                text17                              F18      F18       14     1E30       0
                text16                              F07      F07       11     1E0E       0
                text15                              F6E      F6E       25     1EDC       0
                text14                              113      113       68      226       0
                text13                              2B6      2B6       B6      56C       0
                text12                              36C      36C       D3      6D8       0
                text11                              17B      17B       8C      2F6       0
                text10                               FF       FF       14      1FE       0
                text9                               F4B      F4B       23     1E96       0
                text8                               ED6      ED6        B     1DAC       0
                text7                               EE1      EE1        B     1DC2       0
                text6                               EB8      EB8        A     1D70       0
                text5                               EAF      EAF        9     1D5E       0
                text4                               EC2      EC2        A     1D84       0
                text3                               ECC      ECC        A     1D98       0
                text2                               F93      F93       2F     1F26       0
                text1                               43F      43F      136      87E       0
                maintext                            575      575      26E      AEA       0
                cstackBANK0                          53       53       16       20       1
                cstackCOMMON                         70       70        E       70       1
                clrtext                              F7       F7        8      1EE       0
                dataBANK0                            69       69        3       20       1
                bssBANK0                             20       20       33       20       1
                strings                               3        3       F4        6       0
                idataBANK0                          EA4      EA4        3     1D48       0

TOTAL           Name                               Link     Load   Length     Space
        CLASS   STACK          

        CLASS   CONST          

        CLASS   CODE           
                end_init                              0        0        3         0
                cinit                               7E3      7E3       1D         0
                text23                              F2C      F2C       1F         0
                text22                              EEC      EEC        D         0
                text21                              EF9      EF9        E         0
                text20                              FC2      FC2       3E         0
                text19                              EA7      EA7        8         0
                text18                              207      207       AF         0
                text17                              F18      F18       14         0
                text16                              F07      F07       11         0
                text15                              F6E      F6E       25         0
                text14                              113      113       68         0
                text13                              2B6      2B6       B6         0
                text12                              36C      36C       D3         0
                text11                              17B      17B       8C         0
                text10                               FF       FF       14         0
                text9                               F4B      F4B       23         0
                text8                               ED6      ED6        B         0
                text7                               EE1      EE1        B         0
                text6                               EB8      EB8        A         0
                text5                               EAF      EAF        9         0
                text4                               EC2      EC2        A         0
                text3                               ECC      ECC        A         0
                text2                               F93      F93       2F         0
                text1                               43F      43F      136         0
                maintext                            575      575      26E         0
                clrtext                              F7       F7        8         0
                idataBANK0                          EA4      EA4        3         0

        CLASS   STRCODE        

        CLASS   ENTRY          

        CLASS   STRING         
                strings                               3        3       F4         0

        CLASS   COMMON         
                cstackCOMMON                         70       70        E         1

        CLASS   BANK0          
                cstackBANK0                          53       53       16         1
                dataBANK0                            69       69        3         1
                bssBANK0                             20       20       33         1

        CLASS   BANK1          

        CLASS   BANK2          

        CLASS   BANK3          

        CLASS   RAM            

        CLASS   ABS1           
                abs_s1                               7E       7E        2         1

        CLASS   SFR0           

        CLASS   SFR1           

        CLASS   SFR2           

        CLASS   SFR3           

        CLASS   CONFIG         

        CLASS   IDLOC          

        CLASS   EEDATA         



SEGMENTS        Name                           Load    Length   Top    Selector   Space  Class     Delta

                reset_vec                      000000  000003  000003         0       0  CODE        2
                strings                        000003  0000F4  0000F7         6       0  STRING      2
                bssBANK0                       000020  00004C  00006C        20       1  BANK0       1
                cstackCOMMON                   000070  00000E  00007E        70       1  COMMON      1
                clrtext                        0000F7  000008  0000FF       1EE       0  CODE        2
                text10                         0000FF  000014  000113       1FE       0  CODE        2
                text14                         000113  000068  00017B       226       0  CODE        2
                text11                         00017B  00008C  000207       2F6       0  CODE        2
                text18                         000207  0000AF  0002B6       40E       0  CODE        2
                text13                         0002B6  0000B6  00036C       56C       0  CODE        2
                text12                         00036C  0000D3  00043F       6D8       0  CODE        2
                text1                          00043F  000136  000575       87E       0  CODE        2
                maintext                       000575  00026E  0007E3       AEA       0  CODE        2
                cinit                          0007E3  00001D  000800       FC6       0  CODE        2
                idataBANK0                     000EA4  000003  000EA7      1D48       0  CODE        2
                text19                         000EA7  000008  000EAF      1D4E       0  CODE        2
                text5                          000EAF  000009  000EB8      1D5E       0  CODE        2
                text6                          000EB8  00000A  000EC2      1D70       0  CODE        2
                text4                          000EC2  00000A  000ECC      1D84       0  CODE        2
                text3                          000ECC  00000A  000ED6      1D98       0  CODE        2
                text8                          000ED6  00000B  000EE1      1DAC       0  CODE        2
                text7                          000EE1  00000B  000EEC      1DC2       0  CODE        2
                text22                         000EEC  00000D  000EF9      1DD8       0  CODE        2
                text21                         000EF9  00000E  000F07      1DF2       0  CODE        2
                text16                         000F07  000011  000F18      1E0E       0  CODE        2
                text17                         000F18  000014  000F2C      1E30       0  CODE        2
                text23                         000F2C  00001F  000F4B      1E58       0  CODE        2
                text9                          000F4B  000023  000F6E      1E96       0  CODE        2
                text15                         000F6E  000025  000F93      1EDC       0  CODE        2
                text2                          000F93  00002F  000FC2      1F26       0  CODE        2
                text20                         000FC2  00003E  001000      1F84       0  CODE        2


UNUSED ADDRESS RANGES

        Name                Unused          Largest block    Delta
        BANK0            006C-006F              4           1
        BANK1            00A0-00EF             50           1
        BANK2            0110-016F             60           1
        BANK3            0190-01EF             60           1
        CODE             0800-0EA3            6A4           2
                         1000-1FFF            800
        CONFIG           2007-2007              1           2
        CONST            0800-0EA3            100           2
                         1000-1FFF            100
        EEDATA           2100-21FF            100           2
        ENTRY            0800-0EA3            100           2
                         1000-1FFF            100
        IDLOC            2000-2003              4           2
        RAM              006C-006F              4           1
                         00A0-00EF             50
                         0110-016F             60
                         0190-01EF             60
        SFR0             0000-001F             20           1
        SFR1             0080-009F             20           1
        SFR2             0100-010F             10           1
        SFR3             0180-018F             10           1
        STACK            0110-016F             60           1
        STRCODE          0800-0EA3            6A4           2
                         1000-1FFF           1000
        STRING           0800-0EA3            100           2
                         1000-1FFF            100

                                  Symbol Table

?___ftdiv                cstackCOMMON 0078
?___ftmul                cstackBANK0  0053
?___ftpack               cstackCOMMON 0070
?___fttol                cstackCOMMON 0070
?___lwdiv                cstackCOMMON 0070
?___lwtoft               cstackCOMMON 0078
?___wmul                 cstackCOMMON 0070
?_printf                 cstackCOMMON 0078
Asci2BCD@L               cstackCOMMON 0074
Asci2BCD@U               cstackCOMMON 0076
Asci2BCD@chr             cstackCOMMON 0075
Asci2BCD@lower           cstackCOMMON 0070
Asci2BCD@upper           cstackCOMMON 0073
BCD2Dec@bcd              cstackCOMMON 0078
BCD2Dec@temp             cstackCOMMON 0077
BCD2Dec@ten              cstackCOMMON 0079
BCD2Dec@unit             cstackCOMMON 0076
_ACKDT                   (abs)        048D
_ACKEN                   (abs)        048C
_ADC1                    bssBANK0     003B
_ADCON0                  (abs)        001F
_ADCON1                  (abs)        009F
_ADH                     bssBANK0     003C
_ADL                     bssBANK0     003D
_ADRESH                  (abs)        001E
_ADRESL                  (abs)        009E
_Asci2BCD                text23       0F2C
_BCD2Dec                 text15       0F6E
_BRGH                    (abs)        04C2
_Button_1                bssBANK0     003E
_Button_2                bssBANK0     003F
_Button_3                bssBANK0     0040
_Button_4                bssBANK0     0041
_CREN                    (abs)        00C4
_DATA                    bssBANK0     0020
_Diff                    bssBANK0     002B
_GO                      (abs)        00FA
_H                       bssBANK0     002D
_H_1                     bssBANK0     002F
_M                       bssBANK0     0031
_M_1                     bssBANK0     0033
_PEN                     (abs)        048A
_PORTD                   (abs)        0008
_RA1                     (abs)        0029
_RA2                     (abs)        002A
_RA3                     (abs)        002B
_RA4                     (abs)        002C
_RCEN                    (abs)        048B
_RCIF                    (abs)        0065
_RCREG                   (abs)        001A
_RD0                     (abs)        0040
_RD1                     (abs)        0041
_RSEN                    (abs)        0489
_S                       bssBANK0     0035
_SEN                     (abs)        0488
_SPBRG                   (abs)        0099
_SPEN                    (abs)        00C7
_SSPADD                  (abs)        0093
_SSPBUF                  (abs)        0013
_SSPCON                  (abs)        0014
_SSPIF                   (abs)        0063
_SSPSTAT                 (abs)        0094
_S_1                     bssBANK0     0037
_TRISA                   (abs)        0085
_TRISC3                  (abs)        043B
_TRISC4                  (abs)        043C
_TRISC6                  (abs)        043E
_TRISC7                  (abs)        043F
_TRISD                   (abs)        0088
_TXEN                    (abs)        04C5
_TXIF                    (abs)        0064
_TXREG                   (abs)        0019
_TXSTA                   (abs)        0098
__Habs1                  abs1         0000
__Hbank0                 bank0        0000
__Hbank1                 bank1        0000
__Hbank2                 bank2        0000
__Hbank3                 bank3        0000
__HbssBANK0              bssBANK0     0000
__Hcinit                 cinit        0800
__Hclrtext               clrtext      0000
__Hcode                  code         0000
__Hcommon                common       0000
__Hconfig                config       0000
__HcstackBANK0           cstackBANK0  0000
__HcstackCOMMON          cstackCOMMON 0000
__HdataBANK0             dataBANK0    0000
__Heeprom_data           eeprom_data  0000
__Hend_init              end_init     0003
__Hfunctab               functab      0000
__HidataBANK0            idataBANK0   0000
__Hidloc                 idloc        0000
__Hinit                  init         0000
__Hintentry              intentry     0000
__Hmaintext              maintext     0000
__Hpowerup               powerup      0000
__Hram                   ram          0000
__Hreset_vec             reset_vec    0000
__Hsfr0                  sfr0         0000
__Hsfr1                  sfr1         0000
__Hsfr2                  sfr2         0000
__Hsfr3                  sfr3         0000
__Hspace_0               (abs)        1000
__Hspace_1               (abs)        007E
__Hspace_2               (abs)        0000
__Hspace_3               (abs)        0000
__Hstack                 stack        0000
__Hstrings               strings      0000
__Htext                  text         0000
__Labs1                  abs1         0000
__Lbank0                 bank0        0000
__Lbank1                 bank1        0000
__Lbank2                 bank2        0000
__Lbank3                 bank3        0000
__LbssBANK0              bssBANK0     0000
__Lcinit                 cinit        07E3
__Lclrtext               clrtext      0000
__Lcode                  code         0000
__Lcommon                common       0000
__Lconfig                config       0000
__LcstackBANK0           cstackBANK0  0000
__LcstackCOMMON          cstackCOMMON 0000
__LdataBANK0             dataBANK0    0000
__Leeprom_data           eeprom_data  0000
__Lend_init              end_init     0000
__Lfunctab               functab      0000
__LidataBANK0            idataBANK0   0000
__Lidloc                 idloc        0000
__Linit                  init         0000
__Lintentry              intentry     0000
__Lmaintext              maintext     0000
__Lpowerup               powerup      0000
__Lram                   ram          0000
__Lreset_vec             reset_vec    0000
__Lsfr0                  sfr0         0000
__Lsfr1                  sfr1         0000
__Lsfr2                  sfr2         0000
__Lsfr3                  sfr3         0000
__Lspace_0               (abs)        0000
__Lspace_1               (abs)        0000
__Lspace_2               (abs)        0000
__Lspace_3               (abs)        0000
__Lstack                 stack        0000
__Lstrings               strings      0000
__Ltext                  text         0000
__S0                     (abs)        1000
__S1                     (abs)        007E
__S2                     (abs)        0000
__S3                     (abs)        0000
___bmul                  text16       0F07
___bmul@multiplicand     cstackCOMMON 0070
___bmul@multiplier       cstackCOMMON 0073
___bmul@product          cstackCOMMON 0072
___ftdiv                 text13       02B6
___ftdiv@cntr            cstackBANK0  0057
___ftdiv@exp             cstackBANK0  005B
___ftdiv@f1              cstackCOMMON 007B
___ftdiv@f2              cstackCOMMON 0078
___ftdiv@f3              cstackBANK0  0058
___ftdiv@sign            cstackBANK0  005C
___ftmul                 text12       036C
___ftmul@cntr            cstackBANK0  0061
___ftmul@exp             cstackBANK0  005D
___ftmul@f1              cstackBANK0  0053
___ftmul@f2              cstackBANK0  0056
___ftmul@f3_as_product   cstackBANK0  005E
___ftmul@sign            cstackBANK0  0062
___ftpack                text14       0113
___ftpack@arg            cstackCOMMON 0070
___ftpack@exp            cstackCOMMON 0073
___ftpack@sign           cstackCOMMON 0074
___fttol                 text11       017B
___fttol@exp1            cstackCOMMON 007D
___fttol@f1              cstackCOMMON 0070
___fttol@lval            cstackCOMMON 0079
___fttol@sign1           cstackCOMMON 0078
___int_sp                stack        0000
___latbits               (abs)        0002
___lwdiv                 text20       0FC2
___lwdiv@counter         cstackCOMMON 0077
___lwdiv@dividend        cstackCOMMON 0072
___lwdiv@divisor         cstackCOMMON 0070
___lwdiv@quotient        cstackCOMMON 0075
___lwtoft                text10       00FF
___lwtoft@c              cstackCOMMON 0078
___sp                    stack        0000
___wmul                  text9        0F4B
___wmul@multiplicand     cstackCOMMON 0072
___wmul@multiplier       cstackCOMMON 0070
___wmul@product          cstackCOMMON 0074
__end_of_Asci2BCD        text23       0F4B
__end_of_BCD2Dec         text15       0F93
__end_of___bmul          text16       0F18
__end_of___ftdiv         text13       036C
__end_of___ftmul         text12       043F
__end_of___ftpack        text14       017B
__end_of___fttol         text11       0207
__end_of___lwdiv         text20       1000
__end_of___lwtoft        text10       0113
__end_of___wmul          text9        0F6E
__end_of__initialization cinit        07FC
__end_of__stringdata     strings      00F7
__end_of__stringtab      strings      0009
__end_of_adc_init        text22       0EF9
__end_of_hexpowers       strings      0011
__end_of_i2c_init        text21       0F07
__end_of_i2c_nak         text8        0EE1
__end_of_i2c_read        text7        0EEC
__end_of_i2c_restart     text6        0EC2
__end_of_i2c_send        text5        0EB8
__end_of_i2c_start       text4        0ECC
__end_of_i2c_stop        text3        0ED6
__end_of_main            maintext     07E3
__end_of_printf          text18       02B6
__end_of_putch           text19       0EAF
__end_of_rtc1307_read    text2        0FC2
__end_of_serial_init     text17       0F2C
__end_of_store_data      text1        0575
__initialization         cinit        07E3
__pbssBANK0              bssBANK0     0020
__pcstackBANK0           cstackBANK0  0053
__pcstackCOMMON          cstackCOMMON 0070
__pdataBANK0             dataBANK0    0069
__pidataBANK0            idataBANK0   0EA4
__pmaintext              maintext     0575
__pstrings               strings      0003
__ptext1                 text1        043F
__ptext10                text10       00FF
__ptext11                text11       017B
__ptext12                text12       036C
__ptext13                text13       02B6
__ptext14                text14       0113
__ptext15                text15       0F6E
__ptext16                text16       0F07
__ptext17                text17       0F18
__ptext18                text18       0207
__ptext19                text19       0EA7
__ptext2                 text2        0F93
__ptext20                text20       0FC2
__ptext21                text21       0EF9
__ptext22                text22       0EEC
__ptext23                text23       0F2C
__ptext3                 text3        0ECC
__ptext4                 text4        0EC2
__ptext5                 text5        0EAF
__ptext6                 text6        0EB8
__ptext7                 text7        0EE1
__ptext8                 text8        0ED6
__ptext9                 text9        0F4B
__size_of_Asci2BCD       (abs)        0000
__size_of_BCD2Dec        (abs)        0000
__size_of___bmul         (abs)        0000
__size_of___ftdiv        (abs)        0000
__size_of___ftmul        (abs)        0000
__size_of___ftpack       (abs)        0000
__size_of___fttol        (abs)        0000
__size_of___lwdiv        (abs)        0000
__size_of___lwtoft       (abs)        0000
__size_of___wmul         (abs)        0000
__size_of_adc_init       (abs)        0000
__size_of_i2c_init       (abs)        0000
__size_of_i2c_nak        (abs)        0000
__size_of_i2c_read       (abs)        0000
__size_of_i2c_restart    (abs)        0000
__size_of_i2c_send       (abs)        0000
__size_of_i2c_start      (abs)        0000
__size_of_i2c_stop       (abs)        0000
__size_of_main           (abs)        0000
__size_of_printf         (abs)        0000
__size_of_putch          (abs)        0000
__size_of_rtc1307_read   (abs)        0000
__size_of_serial_init    (abs)        0000
__size_of_store_data     (abs)        0000
__stringbase             strings      0008
__stringdata             strings      0011
__stringtab              strings      0003
_adc_init                text22       0EEC
_adc_value               bssBANK0     0039
_date                    bssBANK0     0042
_enter                   bssBANK0     0043
_h                       bssBANK0     0044
_h1                      bssBANK0     0045
_hexpowers               strings      0009
_hour                    bssBANK0     0046
_hour_1                  bssBANK0     0047
_i2c_init                text21       0EF9
_i2c_nak                 text8        0ED6
_i2c_read                text7        0EE1
_i2c_restart             text6        0EB8
_i2c_send                text5        0EAF
_i2c_start               text4        0EC2
_i2c_stop                text3        0ECC
_m                       bssBANK0     0048
_m1                      bssBANK0     0049
_main                    maintext     0575
_min                     bssBANK0     004A
_min_1                   bssBANK0     004B
_month                   bssBANK0     004C
_pot                     bssBANK0     004D
_printf                  text18       0207
_putch                   text19       0EA7
_ref                     dataBANK0    0069
_rtc1307_read            text2        0F93
_s                       bssBANK0     004E
_s1                      bssBANK0     004F
_sec                     bssBANK0     0050
_sec_1                   bssBANK0     0051
_serial_init             text17       0F18
_store_data              text1        043F
_val                     bssBANK0     0028
_year                    bssBANK0     0052
btemp                    (abs)        007E
clear_ram0               clrtext      00F7
end_of_initialization    cinit        07FC
i2c_send@dat             cstackCOMMON 0070
intlevel0                functab      0000
intlevel1                functab      0000
intlevel2                functab      0000
intlevel3                functab      0000
intlevel4                functab      0000
intlevel5                functab      0000
ltemp                    (abs)        007E
ltemp0                   (abs)        007E
ltemp1                   (abs)        0082
ltemp2                   (abs)        0086
ltemp3                   (abs)        0080
main@i                   cstackBANK0  0068
printf@_val              cstackBANK0  0056
printf@ap                cstackBANK0  0055
printf@c                 cstackBANK0  005B
printf@f                 cstackBANK0  005C
printf@flag              cstackBANK0  0053
printf@idx               cstackBANK0  0054
printf@prec              cstackBANK0  005A
putch@byte               cstackCOMMON 0070
reset_vec                reset_vec    0000
rtc1307_read@address     cstackCOMMON 0072
rtc1307_read@temp        cstackCOMMON 0073
stackhi                  (abs)        0000
stacklo                  (abs)        0000
start                    init         0000
start_initialization     cinit        07E3
ttemp                    (abs)        007E
ttemp0                   (abs)        007E
ttemp1                   (abs)        0081
ttemp2                   (abs)        0084
ttemp3                   (abs)        0087
ttemp4                   (abs)        007F
wtemp                    (abs)        007E
wtemp0                   (abs)        007E
wtemp1                   (abs)        0080
wtemp2                   (abs)        0082
wtemp3                   (abs)        0084
wtemp4                   (abs)        0086
wtemp5                   (abs)        0088
wtemp6                   (abs)        007F


FUNCTION INFORMATION:

 *************** function _main *****************
 Defined at:
		line 33 in file "D:\WALEED\live_person\mutaz\Project\main.c"
 Parameters:    Size  Location     Type
		None
 Auto vars:     Size  Location     Type
  i               1   21[BANK0 ] unsigned char 
 Return value:  Size  Location     Type
		None               void
 Registers used:
		wreg, fsr0l, fsr0h, status,2, status,0, btemp+1, pclath, cstack
 Tracked objects:
		On entry : 
		On exit  : 
		Unchanged: 
 Data sizes:     COMMON   BANK0   BANK1   BANK3   BANK2
      Params:         0       0       0       0       0
      Locals:         0       1       0       0       0
      Temps:          0       3       0       0       0
      Totals:         0       4       0       0       0
Total ram usage:        4 bytes
 Hardware stack levels required when called:    3
 This function calls:
		_Asci2BCD
		_BCD2Dec
		___wmul
		_adc_init
		_i2c_init
		_i2c_send
		_i2c_start
		_i2c_stop
		_printf
		_rtc1307_read
		_serial_init
		_store_data
 This function is called by:
		Startup code after reset
 This function uses a non-reentrant model


 *************** function _store_data *****************
 Defined at:
		line 213 in file "D:\WALEED\live_person\mutaz\Project\main.c"
 Parameters:    Size  Location     Type
		None
 Auto vars:     Size  Location     Type
		None
 Return value:  Size  Location     Type
		None               void
 Registers used:
		wreg, status,2, status,0, pclath, cstack
 Tracked objects:
		On entry : 
		On exit  : 
		Unchanged: 
 Data sizes:     COMMON   BANK0   BANK1   BANK3   BANK2
      Params:         0       0       0       0       0
      Locals:         0       0       0       0       0
      Temps:          0       2       0       0       0
      Totals:         0       2       0       0       0
Total ram usage:        2 bytes
 Hardware stack levels used:    1
 Hardware stack levels required when called:    2
 This function calls:
		_BCD2Dec
		___ftdiv
		___ftmul
		___fttol
		___lwtoft
		___wmul
		_rtc1307_read
 This function is called by:
		_main
 This function uses a non-reentrant model


 *************** function _rtc1307_read *****************
 Defined at:
		line 54 in file "D:\WALEED\live_person\mutaz\Project\i2c_rtc.c"
 Parameters:    Size  Location     Type
  address         1    wreg     unsigned char 
 Auto vars:     Size  Location     Type
  address         1    2[COMMON] unsigned char 
  temp            1    3[COMMON] unsigned char 
 Return value:  Size  Location     Type
                  1    wreg      unsigned char 
 Registers used:
		wreg, status,2, status,0, pclath, cstack
 Tracked objects:
		On entry : 
		On exit  : 
		Unchanged: 
 Data sizes:     COMMON   BANK0   BANK1   BANK3   BANK2
      Params:         0       0       0       0       0
      Locals:         2       0       0       0       0
      Temps:          1       0       0       0       0
      Totals:         3       0       0       0       0
Total ram usage:        3 bytes
 Hardware stack levels used:    1
 Hardware stack levels required when called:    1
 This function calls:
		_i2c_nak
		_i2c_read
		_i2c_restart
		_i2c_send
		_i2c_start
		_i2c_stop
 This function is called by:
		_main
		_store_data
 This function uses a non-reentrant model


 *************** function _i2c_stop *****************
 Defined at:
		line 28 in file "D:\WALEED\live_person\mutaz\Project\i2c_unitec.c"
 Parameters:    Size  Location     Type
		None
 Auto vars:     Size  Location     Type
		None
 Return value:  Size  Location     Type
		None               void
 Registers used:
		None
 Tracked objects:
		On entry : 
		On exit  : 
		Unchanged: 
 Data sizes:     COMMON   BANK0   BANK1   BANK3   BANK2
      Params:         0       0       0       0       0
      Locals:         0       0       0       0       0
      Temps:          0       0       0       0       0
      Totals:         0       0       0       0       0
Total ram usage:        0 bytes
 Hardware stack levels used:    1
 This function calls:
		Nothing
 This function is called by:
		_main
		_rtc1307_read
 This function uses a non-reentrant model


 *************** function _i2c_start *****************
 Defined at:
		line 14 in file "D:\WALEED\live_person\mutaz\Project\i2c_unitec.c"
 Parameters:    Size  Location     Type
		None
 Auto vars:     Size  Location     Type
		None
 Return value:  Size  Location     Type
		None               void
 Registers used:
		None
 Tracked objects:
		On entry : 
		On exit  : 
		Unchanged: 
 Data sizes:     COMMON   BANK0   BANK1   BANK3   BANK2
      Params:         0       0       0       0       0
      Locals:         0       0       0       0       0
      Temps:          0       0       0       0       0
      Totals:         0       0       0       0       0
Total ram usage:        0 bytes
 Hardware stack levels used:    1
 This function calls:
		Nothing
 This function is called by:
		_main
		_rtc1307_read
 This function uses a non-reentrant model


 *************** function _i2c_send *****************
 Defined at:
		line 35 in file "D:\WALEED\live_person\mutaz\Project\i2c_unitec.c"
 Parameters:    Size  Location     Type
  dat             1    wreg     unsigned char 
 Auto vars:     Size  Location     Type
  dat             1    0[COMMON] unsigned char 
 Return value:  Size  Location     Type
		None               void
 Registers used:
		wreg
 Tracked objects:
		On entry : 
		On exit  : 
		Unchanged: 
 Data sizes:     COMMON   BANK0   BANK1   BANK3   BANK2
      Params:         0       0       0       0       0
      Locals:         1       0       0       0       0
      Temps:          0       0       0       0       0
      Totals:         1       0       0       0       0
Total ram usage:        1 bytes
 Hardware stack levels used:    1
 This function calls:
		Nothing
 This function is called by:
		_main
		_rtc1307_read
 This function uses a non-reentrant model


 *************** function _i2c_restart *****************
 Defined at:
		line 21 in file "D:\WALEED\live_person\mutaz\Project\i2c_unitec.c"
 Parameters:    Size  Location     Type
		None
 Auto vars:     Size  Location     Type
		None
 Return value:  Size  Location     Type
		None               void
 Registers used:
		None
 Tracked objects:
		On entry : 
		On exit  : 
		Unchanged: 
 Data sizes:     COMMON   BANK0   BANK1   BANK3   BANK2
      Params:         0       0       0       0       0
      Locals:         0       0       0       0       0
      Temps:          0       0       0       0       0
      Totals:         0       0       0       0       0
Total ram usage:        0 bytes
 Hardware stack levels used:    1
 This function calls:
		Nothing
 This function is called by:
		_rtc1307_read
 This function uses a non-reentrant model


 *************** function _i2c_read *****************
 Defined at:
		line 42 in file "D:\WALEED\live_person\mutaz\Project\i2c_unitec.c"
 Parameters:    Size  Location     Type
		None
 Auto vars:     Size  Location     Type
		None
 Return value:  Size  Location     Type
                  1    wreg      unsigned char 
 Registers used:
		wreg
 Tracked objects:
		On entry : 
		On exit  : 
		Unchanged: 
 Data sizes:     COMMON   BANK0   BANK1   BANK3   BANK2
      Params:         0       0       0       0       0
      Locals:         0       0       0       0       0
      Temps:          0       0       0       0       0
      Totals:         0       0       0       0       0
Total ram usage:        0 bytes
 Hardware stack levels used:    1
 This function calls:
		Nothing
 This function is called by:
		_rtc1307_read
 This function uses a non-reentrant model


 *************** function _i2c_nak *****************
 Defined at:
		line 50 in file "D:\WALEED\live_person\mutaz\Project\i2c_unitec.c"
 Parameters:    Size  Location     Type
		None
 Auto vars:     Size  Location     Type
		None
 Return value:  Size  Location     Type
		None               void
 Registers used:
		None
 Tracked objects:
		On entry : 
		On exit  : 
		Unchanged: 
 Data sizes:     COMMON   BANK0   BANK1   BANK3   BANK2
      Params:         0       0       0       0       0
      Locals:         0       0       0       0       0
      Temps:          0       0       0       0       0
      Totals:         0       0       0       0       0
Total ram usage:        0 bytes
 Hardware stack levels used:    1
 This function calls:
		Nothing
 This function is called by:
		_rtc1307_read
 This function uses a non-reentrant model


 *************** function ___wmul *****************
 Defined at:
		line 15 in file "C:\Program Files (x86)\Microchip\xc8\v1.33\sources\common\Umul16.c"
 Parameters:    Size  Location     Type
  multiplier      2    0[COMMON] unsigned int 
  multiplicand    2    2[COMMON] unsigned int 
 Auto vars:     Size  Location     Type
  product         2    4[COMMON] unsigned int 
 Return value:  Size  Location     Type
                  2    0[COMMON] unsigned int 
 Registers used:
		wreg, status,2, status,0
 Tracked objects:
		On entry : 
		On exit  : 
		Unchanged: 
 Data sizes:     COMMON   BANK0   BANK1   BANK3   BANK2
      Params:         4       0       0       0       0
      Locals:         2       0       0       0       0
      Temps:          0       0       0       0       0
      Totals:         6       0       0       0       0
Total ram usage:        6 bytes
 Hardware stack levels used:    1
 This function calls:
		Nothing
 This function is called by:
		_main
		_store_data
 This function uses a non-reentrant model


 *************** function ___lwtoft *****************
 Defined at:
		line 28 in file "C:\Program Files (x86)\Microchip\xc8\v1.33\sources\common\lwtoft.c"
 Parameters:    Size  Location     Type
  c               2    8[COMMON] unsigned int 
 Auto vars:     Size  Location     Type
		None
 Return value:  Size  Location     Type
                  3    8[COMMON] float 
 Registers used:
		wreg, status,2, status,0, pclath, cstack
 Tracked objects:
		On entry : 
		On exit  : 
		Unchanged: 
 Data sizes:     COMMON   BANK0   BANK1   BANK3   BANK2
      Params:         3       0       0       0       0
      Locals:         0       0       0       0       0
      Temps:          1       0       0       0       0
      Totals:         4       0       0       0       0
Total ram usage:        4 bytes
 Hardware stack levels used:    1
 Hardware stack levels required when called:    1
 This function calls:
		___ftpack
 This function is called by:
		_store_data
 This function uses a non-reentrant model


 *************** function ___fttol *****************
 Defined at:
		line 44 in file "C:\Program Files (x86)\Microchip\xc8\v1.33\sources\common\fttol.c"
 Parameters:    Size  Location     Type
  f1              3    0[COMMON] float 
 Auto vars:     Size  Location     Type
  lval            4    9[COMMON] unsigned long 
  exp1            1   13[COMMON] unsigned char 
  sign1           1    8[COMMON] unsigned char 
 Return value:  Size  Location     Type
                  4    0[COMMON] long 
 Registers used:
		wreg, status,2, status,0
 Tracked objects:
		On entry : 
		On exit  : 
		Unchanged: 
 Data sizes:     COMMON   BANK0   BANK1   BANK3   BANK2
      Params:         4       0       0       0       0
      Locals:         6       0       0       0       0
      Temps:          4       0       0       0       0
      Totals:        14       0       0       0       0
Total ram usage:       14 bytes
 Hardware stack levels used:    1
 This function calls:
		Nothing
 This function is called by:
		_store_data
 This function uses a non-reentrant model


 *************** function ___ftmul *****************
 Defined at:
		line 62 in file "C:\Program Files (x86)\Microchip\xc8\v1.33\sources\common\ftmul.c"
 Parameters:    Size  Location     Type
  f1              3    0[BANK0 ] float 
  f2              3    3[BANK0 ] float 
 Auto vars:     Size  Location     Type
  f3_as_produc    3   11[BANK0 ] unsigned um
  sign            1   15[BANK0 ] unsigned char 
  cntr            1   14[BANK0 ] unsigned char 
  exp             1   10[BANK0 ] unsigned char 
 Return value:  Size  Location     Type
                  3    0[BANK0 ] float 
 Registers used:
		wreg, status,2, status,0, pclath, cstack
 Tracked objects:
		On entry : 
		On exit  : 
		Unchanged: 
 Data sizes:     COMMON   BANK0   BANK1   BANK3   BANK2
      Params:         0       6       0       0       0
      Locals:         0       6       0       0       0
      Temps:          0       4       0       0       0
      Totals:         0      16       0       0       0
Total ram usage:       16 bytes
 Hardware stack levels used:    1
 Hardware stack levels required when called:    1
 This function calls:
		___ftpack
 This function is called by:
		_store_data
 This function uses a non-reentrant model


 *************** function ___ftdiv *****************
 Defined at:
		line 49 in file "C:\Program Files (x86)\Microchip\xc8\v1.33\sources\pic\ftdiv.c"
 Parameters:    Size  Location     Type
  f2              3    8[COMMON] float 
  f1              3   11[COMMON] float 
 Auto vars:     Size  Location     Type
  f3              3    5[BANK0 ] float 
  sign            1    9[BANK0 ] unsigned char 
  exp             1    8[BANK0 ] unsigned char 
  cntr            1    4[BANK0 ] unsigned char 
 Return value:  Size  Location     Type
                  3    8[COMMON] float 
 Registers used:
		wreg, status,2, status,0, pclath, cstack
 Tracked objects:
		On entry : 
		On exit  : 
		Unchanged: 
 Data sizes:     COMMON   BANK0   BANK1   BANK3   BANK2
      Params:         6       0       0       0       0
      Locals:         0       6       0       0       0
      Temps:          0       4       0       0       0
      Totals:         6      10       0       0       0
Total ram usage:       16 bytes
 Hardware stack levels used:    1
 Hardware stack levels required when called:    1
 This function calls:
		___ftpack
 This function is called by:
		_store_data
 This function uses a non-reentrant model


 *************** function ___ftpack *****************
 Defined at:
		line 62 in file "C:\Program Files (x86)\Microchip\xc8\v1.33\sources\common\float.c"
 Parameters:    Size  Location     Type
  arg             3    0[COMMON] unsigned um
  exp             1    3[COMMON] unsigned char 
  sign            1    4[COMMON] unsigned char 
 Auto vars:     Size  Location     Type
		None
 Return value:  Size  Location     Type
                  3    0[COMMON] float 
 Registers used:
		wreg, status,2, status,0
 Tracked objects:
		On entry : 
		On exit  : 
		Unchanged: 
 Data sizes:     COMMON   BANK0   BANK1   BANK3   BANK2
      Params:         5       0       0       0       0
      Locals:         0       0       0       0       0
      Temps:          3       0       0       0       0
      Totals:         8       0       0       0       0
Total ram usage:        8 bytes
 Hardware stack levels used:    1
 This function calls:
		Nothing
 This function is called by:
		___ftdiv
		___ftmul
		___lwtoft
 This function uses a non-reentrant model


 *************** function _BCD2Dec *****************
 Defined at:
		line 31 in file "D:\WALEED\live_person\mutaz\Project\i2c_rtc.c"
 Parameters:    Size  Location     Type
  bcd             1    wreg     unsigned char 
 Auto vars:     Size  Location     Type
  bcd             1    8[COMMON] unsigned char 
  ten             1    9[COMMON] unsigned char 
  temp            1    7[COMMON] unsigned char 
  unit            1    6[COMMON] unsigned char 
 Return value:  Size  Location     Type
                  1    wreg      unsigned char 
 Registers used:
		wreg, status,2, status,0, pclath, cstack
 Tracked objects:
		On entry : 
		On exit  : 
		Unchanged: 
 Data sizes:     COMMON   BANK0   BANK1   BANK3   BANK2
      Params:         0       0       0       0       0
      Locals:         4       0       0       0       0
      Temps:          2       0       0       0       0
      Totals:         6       0       0       0       0
Total ram usage:        6 bytes
 Hardware stack levels used:    1
 Hardware stack levels required when called:    1
 This function calls:
		___bmul
 This function is called by:
		_main
		_store_data
 This function uses a non-reentrant model


 *************** function ___bmul *****************
 Defined at:
		line 4 in file "C:\Program Files (x86)\Microchip\xc8\v1.33\sources\common\Umul8.c"
 Parameters:    Size  Location     Type
  multiplier      1    wreg     unsigned char 
  multiplicand    1    0[COMMON] unsigned char 
 Auto vars:     Size  Location     Type
  multiplier      1    3[COMMON] unsigned char 
  product         1    2[COMMON] unsigned char 
 Return value:  Size  Location     Type
                  1    wreg      unsigned char 
 Registers used:
		wreg, status,2, status,0
 Tracked objects:
		On entry : 
		On exit  : 
		Unchanged: 
 Data sizes:     COMMON   BANK0   BANK1   BANK3   BANK2
      Params:         1       0       0       0       0
      Locals:         2       0       0       0       0
      Temps:          1       0       0       0       0
      Totals:         4       0       0       0       0
Total ram usage:        4 bytes
 Hardware stack levels used:    1
 This function calls:
		Nothing
 This function is called by:
		_BCD2Dec
 This function uses a non-reentrant model


 *************** function _serial_init *****************
 Defined at:
		line 179 in file "D:\WALEED\live_person\mutaz\Project\main.c"
 Parameters:    Size  Location     Type
		None
 Auto vars:     Size  Location     Type
		None
 Return value:  Size  Location     Type
		None               void
 Registers used:
		wreg
 Tracked objects:
		On entry : 
		On exit  : 
		Unchanged: 
 Data sizes:     COMMON   BANK0   BANK1   BANK3   BANK2
      Params:         0       0       0       0       0
      Locals:         0       0       0       0       0
      Temps:          0       0       0       0       0
      Totals:         0       0       0       0       0
Total ram usage:        0 bytes
 Hardware stack levels used:    1
 This function calls:
		Nothing
 This function is called by:
		_main
 This function uses a non-reentrant model


 *************** function _printf *****************
 Defined at:
		line 464 in file "C:\Program Files (x86)\Microchip\xc8\v1.33\sources\common\doprnt.c"
 Parameters:    Size  Location     Type
  f               1    wreg     PTR const unsigned char 
		 -> STR_20(4), STR_19(18), STR_18(17), STR_17(4), 
		 -> STR_16(18), STR_15(17), STR_14(4), STR_13(18), 
		 -> STR_12(17), STR_11(4), STR_10(18), STR_9(17), 
		 -> STR_8(4), STR_7(3), STR_6(31), STR_5(4), 
		 -> STR_4(4), STR_3(9), STR_2(4), STR_1(26), 
 Auto vars:     Size  Location     Type
  f               1    9[BANK0 ] PTR const unsigned char 
		 -> STR_20(4), STR_19(18), STR_18(17), STR_17(4), 
		 -> STR_16(18), STR_15(17), STR_14(4), STR_13(18), 
		 -> STR_12(17), STR_11(4), STR_10(18), STR_9(17), 
		 -> STR_8(4), STR_7(3), STR_6(31), STR_5(4), 
		 -> STR_4(4), STR_3(9), STR_2(4), STR_1(26), 
  idx             1    1[BANK0 ] unsigned char 
  _val            4    3[BANK0 ] struct .
  c               1    8[BANK0 ] char 
  prec            1    7[BANK0 ] char 
  ap              1    2[BANK0 ] PTR void [1]
		 -> ?_printf(2), 
  flag            1    0[BANK0 ] unsigned char 
 Return value:  Size  Location     Type
                  2    8[COMMON] int 
 Registers used:
		wreg, fsr0l, fsr0h, status,2, status,0, btemp+1, pclath, cstack
 Tracked objects:
		On entry : 
		On exit  : 
		Unchanged: 
 Data sizes:     COMMON   BANK0   BANK1   BANK3   BANK2
      Params:         2       0       0       0       0
      Locals:         0      10       0       0       0
      Temps:          3       0       0       0       0
      Totals:         5      10       0       0       0
Total ram usage:       15 bytes
 Hardware stack levels used:    1
 Hardware stack levels required when called:    1
 This function calls:
		___lwdiv
		_putch
 This function is called by:
		_main
 This function uses a non-reentrant model


 *************** function _putch *****************
 Defined at:
		line 194 in file "D:\WALEED\live_person\mutaz\Project\main.c"
 Parameters:    Size  Location     Type
  byte            1    wreg     unsigned char 
 Auto vars:     Size  Location     Type
  byte            1    0[COMMON] unsigned char 
 Return value:  Size  Location     Type
		None               void
 Registers used:
		wreg
 Tracked objects:
		On entry : 
		On exit  : 
		Unchanged: 
 Data sizes:     COMMON   BANK0   BANK1   BANK3   BANK2
      Params:         0       0       0       0       0
      Locals:         1       0       0       0       0
      Temps:          0       0       0       0       0
      Totals:         1       0       0       0       0
Total ram usage:        1 bytes
 Hardware stack levels used:    1
 This function calls:
		Nothing
 This function is called by:
		_printf
 This function uses a non-reentrant model


 *************** function ___lwdiv *****************
 Defined at:
		line 6 in file "C:\Program Files (x86)\Microchip\xc8\v1.33\sources\common\lwdiv.c"
 Parameters:    Size  Location     Type
  divisor         2    0[COMMON] unsigned int 
  dividend        2    2[COMMON] unsigned int 
 Auto vars:     Size  Location     Type
  quotient        2    5[COMMON] unsigned int 
  counter         1    7[COMMON] unsigned char 
 Return value:  Size  Location     Type
                  2    0[COMMON] unsigned int 
 Registers used:
		wreg, status,2, status,0
 Tracked objects:
		On entry : 
		On exit  : 
		Unchanged: 
 Data sizes:     COMMON   BANK0   BANK1   BANK3   BANK2
      Params:         4       0       0       0       0
      Locals:         3       0       0       0       0
      Temps:          1       0       0       0       0
      Totals:         8       0       0       0       0
Total ram usage:        8 bytes
 Hardware stack levels used:    1
 This function calls:
		Nothing
 This function is called by:
		_printf
 This function uses a non-reentrant model


 *************** function _i2c_init *****************
 Defined at:
		line 202 in file "D:\WALEED\live_person\mutaz\Project\main.c"
 Parameters:    Size  Location     Type
		None
 Auto vars:     Size  Location     Type
		None
 Return value:  Size  Location     Type
		None               void
 Registers used:
		wreg
 Tracked objects:
		On entry : 
		On exit  : 
		Unchanged: 
 Data sizes:     COMMON   BANK0   BANK1   BANK3   BANK2
      Params:         0       0       0       0       0
      Locals:         0       0       0       0       0
      Temps:          0       0       0       0       0
      Totals:         0       0       0       0       0
Total ram usage:        0 bytes
 Hardware stack levels used:    1
 This function calls:
		Nothing
 This function is called by:
		_main
 This function uses a non-reentrant model


 *************** function _adc_init *****************
 Defined at:
		line 171 in file "D:\WALEED\live_person\mutaz\Project\main.c"
 Parameters:    Size  Location     Type
		None
 Auto vars:     Size  Location     Type
		None
 Return value:  Size  Location     Type
		None               void
 Registers used:
		wreg
 Tracked objects:
		On entry : 
		On exit  : 
		Unchanged: 
 Data sizes:     COMMON   BANK0   BANK1   BANK3   BANK2
      Params:         0       0       0       0       0
      Locals:         0       0       0       0       0
      Temps:          0       0       0       0       0
      Totals:         0       0       0       0       0
Total ram usage:        0 bytes
 Hardware stack levels used:    1
 This function calls:
		Nothing
 This function is called by:
		_main
 This function uses a non-reentrant model


 *************** function _Asci2BCD *****************
 Defined at:
		line 21 in file "D:\WALEED\live_person\mutaz\Project\i2c_rtc.c"
 Parameters:    Size  Location     Type
  upper           1    wreg     unsigned char 
  lower           1    0[COMMON] unsigned char 
 Auto vars:     Size  Location     Type
  upper           1    3[COMMON] unsigned char 
  U               1    6[COMMON] unsigned char 
  chr             1    5[COMMON] unsigned char 
  L               1    4[COMMON] unsigned char 
 Return value:  Size  Location     Type
                  1    wreg      unsigned char 
 Registers used:
		wreg, status,2, status,0
 Tracked objects:
		On entry : 
		On exit  : 
		Unchanged: 
 Data sizes:     COMMON   BANK0   BANK1   BANK3   BANK2
      Params:         1       0       0       0       0
      Locals:         4       0       0       0       0
      Temps:          2       0       0       0       0
      Totals:         7       0       0       0       0
Total ram usage:        7 bytes
 Hardware stack levels used:    1
 This function calls:
		Nothing
 This function is called by:
		_main
 This function uses a non-reentrant model



MODULE INFORMATION

Module		Function		Class		Link	Load	Size
D:\WALEED\live_person\mutaz\Project\main.c
		_putch         		CODE           	0EA7	0000	8
		_store_data    		CODE           	043F	0000	310
		_main          		CODE           	0575	0000	622
		_serial_init   		CODE           	0F18	0000	20
		_adc_init      		CODE           	0EEC	0000	13
		_i2c_init      		CODE           	0EF9	0000	14

D:\WALEED\live_person\mutaz\Project\main.c estimated size: 987

C:\Program Files (x86)\Microchip\xc8\v1.33\sources\common\doprnt.c
		_printf        		CODE           	0207	0000	175

C:\Program Files (x86)\Microchip\xc8\v1.33\sources\common\doprnt.c estimated size: 175

C:\Program Files (x86)\Microchip\xc8\v1.33\sources\common\float.c
		___ftpack      		CODE           	0113	0000	104

C:\Program Files (x86)\Microchip\xc8\v1.33\sources\common\float.c estimated size: 104

C:\Program Files (x86)\Microchip\xc8\v1.33\sources\common\Umul16.c
		___wmul        		CODE           	0F4B	0000	35

C:\Program Files (x86)\Microchip\xc8\v1.33\sources\common\Umul16.c estimated size: 35

D:\WALEED\live_person\mutaz\Project\i2c_rtc.c
		_rtc1307_read  		CODE           	0F93	0000	47
		_Asci2BCD      		CODE           	0F2C	0000	31
		_BCD2Dec       		CODE           	0F6E	0000	37

D:\WALEED\live_person\mutaz\Project\i2c_rtc.c estimated size: 115

C:\Program Files (x86)\Microchip\xc8\v1.33\sources\common\ftmul.c
		___ftmul       		CODE           	036C	0000	211

C:\Program Files (x86)\Microchip\xc8\v1.33\sources\common\ftmul.c estimated size: 211

C:\Program Files (x86)\Microchip\xc8\v1.33\sources\common\lwdiv.c
		___lwdiv       		CODE           	0FC2	0000	62

C:\Program Files (x86)\Microchip\xc8\v1.33\sources\common\lwdiv.c estimated size: 62

shared
		__stringtab    		STRING         	0003	0000	6
		__stringdata   		STRING         	0011	0000	230
		__initializatio		CODE           	07E3	0000	25
		_hexpowers     		STRING         	0009	0000	8

shared estimated size: 269

C:\Program Files (x86)\Microchip\xc8\v1.33\sources\common\Umul8.c
		___bmul        		CODE           	0F07	0000	17

C:\Program Files (x86)\Microchip\xc8\v1.33\sources\common\Umul8.c estimated size: 17

C:\Program Files (x86)\Microchip\xc8\v1.33\sources\common\fttol.c
		___fttol       		CODE           	017B	0000	140

C:\Program Files (x86)\Microchip\xc8\v1.33\sources\common\fttol.c estimated size: 140

D:\WALEED\live_person\mutaz\Project\i2c_unitec.c
		_i2c_start     		CODE           	0EC2	0000	10
		_i2c_restart   		CODE           	0EB8	0000	10
		_i2c_nak       		CODE           	0ED6	0000	11
		_i2c_stop      		CODE           	0ECC	0000	10
		_i2c_read      		CODE           	0EE1	0000	11
		_i2c_send      		CODE           	0EAF	0000	9

D:\WALEED\live_person\mutaz\Project\i2c_unitec.c estimated size: 61

C:\Program Files (x86)\Microchip\xc8\v1.33\sources\pic\ftdiv.c
		___ftdiv       		CODE           	02B6	0000	182

C:\Program Files (x86)\Microchip\xc8\v1.33\sources\pic\ftdiv.c estimated size: 182

C:\Program Files (x86)\Microchip\xc8\v1.33\sources\common\lwtoft.c
		___lwtoft      		CODE           	00FF	0000	20

C:\Program Files (x86)\Microchip\xc8\v1.33\sources\common\lwtoft.c estimated size: 20

